../Core/Src/adc_interface.c:51:10:Get_Battery_Voltage	8	static
../Core/Src/adc_interface.c:60:9:Set_Battery_Voltage	16	static
../Core/Src/adc_interface.c:76:10:Get_Cell_Voltage	16	static
../Core/Src/adc_interface.c:89:9:Set_Cell_Voltage	16	static
../Core/Src/adc_interface.c:187:9:Get_MCU_Temperature	8	static
../Core/Src/adc_interface.c:196:9:Set_MCU_Temperature	16	static
../Core/Src/adc_interface.c:210:10:Get_VDDa	8	static
../Core/Src/adc_interface.c:219:9:Set_VDDa	16	static
../Core/Src/adc_interface.c:233:9:Calibrate_ADC	40	static
../Core/Src/adc_interface.c:260:6:vRead_ADC	24	static
../Core/Src/adc_interface.c:305:6:HAL_ADC_ConvCpltCallback	32	static
../Core/Src/adc_interface.c:338:10:Get_Two_S_Voltage	8	static
../Core/Src/adc_interface.c:342:10:Get_Three_S_Voltage	8	static
../Core/Src/adc_interface.c:346:10:Get_Four_S_Voltage	8	static
../Core/Src/adc_interface.c:354:9:Write_Cal_To_OTP_Flash	120	static
../Core/Src/adc_interface.c:432:9:Read_Scalars_From_Flash	56	static
