../Core/Src/battery.c:39:6:Balance_Battery	40	static
../Core/Src/battery.c:100:6:Balance_Connection_State	8	static
../Core/Src/battery.c:173:6:Cell_Voltage_Safety_Check	16	static
../Core/Src/battery.c:201:6:Battery_Connection_State	8	static
../Core/Src/battery.c:238:6:Balancing_GPIO_Control	16	static
../Core/Src/battery.c:272:6:MCU_Temperature_Safety_Check	8	static
../Core/Src/battery.c:285:9:Get_Balance_Connection_State	8	static
../Core/Src/battery.c:294:9:Get_Balancing_State	8	static
../Core/Src/battery.c:306:9:Get_Requires_Charging_State	8	static
../Core/Src/battery.c:315:9:Get_Number_Of_Cells	8	static
../Core/Src/battery.c:324:9:Get_XT60_Connection_State	8	static
../Core/Src/battery.c:329:9:Get_Cell_Over_Voltage_State	8	static
