../Drivers/CMSIS/Include/core_cm0plus.h:745:22:NVIC_EnableIRQ	1
../Drivers/CMSIS/Include/core_cm0plus.h:804:22:NVIC_SetPriority	2
../Core/Inc/stm32g0xx_ll_bus.h:423:22:LL_APB1_GRP1_EnableClock	1
../Core/Inc/stm32g0xx_ll_dma.h:558:22:LL_DMA_SetDataTransferDirection	1
../Core/Inc/stm32g0xx_ll_dma.h:609:22:LL_DMA_SetMode	1
../Core/Inc/stm32g0xx_ll_dma.h:656:22:LL_DMA_SetPeriphIncMode	1
../Core/Inc/stm32g0xx_ll_dma.h:703:22:LL_DMA_SetMemoryIncMode	1
../Core/Inc/stm32g0xx_ll_dma.h:751:22:LL_DMA_SetPeriphSize	1
../Core/Inc/stm32g0xx_ll_dma.h:800:22:LL_DMA_SetMemorySize	1
../Core/Inc/stm32g0xx_ll_dma.h:850:22:LL_DMA_SetChannelPriorityLevel	1
../Core/Inc/stm32g0xx_ll_dma.h:1224:22:LL_DMA_SetPeriphRequest	1
../Core/Src/main.c:148:16:BSP_GetHWBoardVersionName	1
../Core/Src/main.c:153:16:BSP_GetPDTypeName	1
../Core/Src/main.c:164:5:main	8
../Core/Src/main.c:304:6:SystemClock_Config	4
../Core/Src/main.c:360:13:MX_ADC1_Init	9
../Core/Src/main.c:465:13:MX_I2C1_Init	4
../Core/Src/main.c:511:13:MX_TIM7_Init	3
../Core/Src/main.c:551:13:MX_UCPD2_Init	1
../Core/Src/main.c:615:13:MX_USART1_UART_Init	5
../Core/Src/main.c:663:13:MX_DMA_Init	1
../Core/Src/main.c:686:13:MX_GPIO_Init	1
../Core/Src/main.c:753:20:LED_Set	1
../Core/Src/main.c:761:17:LED_Highest_Cell_Voltage	4
../Core/Src/main.c:776:6:vLED_Blinky	8
../Core/Src/main.c:844:6:_putchar	1
../Core/Src/main.c:856:6:vApplicationStackOverflowHook	1
../Core/Src/main.c:865:6:vApplicationMallocFailedHook	1
../Core/Src/main.c:880:6:StartDefaultTask	1
../Core/Src/main.c:899:6:HAL_TIM_PeriodElapsedCallback	2
../Core/Src/main.c:918:6:Error_Handler	1
