../Core/Src/usbpd_vdm_user.c:261:28:USBPD_VDM_DiscoverIdentity	32	static
../Core/Src/usbpd_vdm_user.c:342:28:USBPD_VDM_DiscoverSVIDs	40	static
../Core/Src/usbpd_vdm_user.c:361:28:USBPD_VDM_DiscoverModes	48	static
../Core/Src/usbpd_vdm_user.c:389:28:USBPD_VDM_ModeEnter	24	static
../Core/Src/usbpd_vdm_user.c:417:28:USBPD_VDM_ModeExit	24	static
../Core/Src/usbpd_vdm_user.c:445:13:USBPD_VDM_SendAttention	40	static
../Core/Src/usbpd_vdm_user.c:471:13:USBPD_VDM_ReceiveAttention	24	static
../Core/Src/usbpd_vdm_user.c:515:13:USBPD_VDM_InformIdentity	40	static
../Core/Src/usbpd_vdm_user.c:566:13:USBPD_VDM_InformSVID	48	static
../Core/Src/usbpd_vdm_user.c:624:13:USBPD_VDM_InformMode	40	static
../Core/Src/usbpd_vdm_user.c:681:13:USBPD_VDM_InformModeEnter	24	static
../Core/Src/usbpd_vdm_user.c:715:6:USBPD_VDM_FillDPStatus	16	static
../Core/Src/usbpd_vdm_user.c:728:6:USBPD_VDM_FillDPConfig	16	static
../Core/Src/usbpd_vdm_user.c:743:13:USBPD_VDM_SendSpecific	48	static
../Core/Src/usbpd_vdm_user.c:818:28:USBPD_VDM_ReceiveSpecific	40	static
../Core/Src/usbpd_vdm_user.c:899:13:USBPD_VDM_InformSpecific	32	static
../Core/Src/usbpd_vdm_user.c:970:21:USBPD_VDM_UserInit	24	static
../Core/Src/usbpd_vdm_user.c:997:6:USBPD_VDM_UserReset	16	static
