../Core/Src/usbpd_pwr_if.c:149:21:USBPD_PWR_IF_Init	56	static
../Core/Src/usbpd_pwr_if.c:247:21:USBPD_PWR_IF_StartMonitoring	40	static
../Core/Src/usbpd_pwr_if.c:262:21:USBPD_PWR_IF_SetProfile	104	static
../Core/Src/usbpd_pwr_if.c:378:21:USBPD_PWR_IF_PowerResetGlobal	16	static
../Core/Src/usbpd_pwr_if.c:395:21:USBPD_PWR_IF_PowerReset	16	static
../Core/Src/usbpd_pwr_if.c:412:21:USBPD_PWR_IF_SupplyReady	24	static
../Core/Src/usbpd_pwr_if.c:441:21:USBPD_PWR_IF_VBUSEnable	24	static
../Core/Src/usbpd_pwr_if.c:465:21:USBPD_PWR_IF_VBUSDisable	24	static
../Core/Src/usbpd_pwr_if.c:493:21:USBPD_PWR_IF_SNKDisable	40	static
../Core/Src/usbpd_pwr_if.c:511:21:USBPD_PWR_IF_InitPower	16	static
../Core/Src/usbpd_pwr_if.c:521:23:USBPD_PWR_IF_VBUSIsEnabled	16	static
../Core/Src/usbpd_pwr_if.c:534:21:USBPD_PWR_IF_ReadVA	40	static
../Core/Src/usbpd_pwr_if.c:572:10:_PWR_SRCFixedPDO	40	static
../Core/Src/usbpd_pwr_if.c:602:10:_PWR_SRCVariablePDO	32	static
../Core/Src/usbpd_pwr_if.c:621:10:_PWR_SRCBatteryPDO	32	static
../Core/Src/usbpd_pwr_if.c:644:10:_PWR_SNKFixedPDO	40	static
../Core/Src/usbpd_pwr_if.c:673:10:_PWR_SNKVariablePDO	32	static
../Core/Src/usbpd_pwr_if.c:692:10:_PWR_SNKBatteryPDO	32	static
../Core/Src/usbpd_pwr_if.c:711:10:_PWR_ProgrammablePowerSupplyAPDO	40	static
../Core/Src/usbpd_pwr_if.c:772:6:USBPD_PWR_IF_GetPortPDOs	56	static
../Core/Src/usbpd_pwr_if.c:850:21:USBPD_PWR_IF_SearchRequestedPDO	24	static
../Core/Src/usbpd_pwr_if.c:868:6:USBPD_PWR_IF_Alarm	8	static,ignoring_inline_asm
../Core/Src/usbpd_pwr_if.c:896:21:USBPD_PWR_IF_CheckUpdateSNKPower	56	static
../Core/Src/usbpd_pwr_if.c:959:6:USBPD_PWR_IF_MonitorSafety	40	static
