../Drivers/CMSIS/Include/core_cm0plus.h:745:22:NVIC_EnableIRQ	16	static
../Drivers/CMSIS/Include/core_cm0plus.h:804:22:NVIC_SetPriority	24	static
../Core/Inc/stm32g0xx_ll_bus.h:423:22:LL_APB1_GRP1_EnableClock	24	static
../Core/Inc/stm32g0xx_ll_dma.h:558:22:LL_DMA_SetDataTransferDirection	32	static
../Core/Inc/stm32g0xx_ll_dma.h:609:22:LL_DMA_SetMode	32	static
../Core/Inc/stm32g0xx_ll_dma.h:656:22:LL_DMA_SetPeriphIncMode	32	static
../Core/Inc/stm32g0xx_ll_dma.h:703:22:LL_DMA_SetMemoryIncMode	32	static
../Core/Inc/stm32g0xx_ll_dma.h:751:22:LL_DMA_SetPeriphSize	32	static
../Core/Inc/stm32g0xx_ll_dma.h:800:22:LL_DMA_SetMemorySize	32	static
../Core/Inc/stm32g0xx_ll_dma.h:850:22:LL_DMA_SetChannelPriorityLevel	32	static
../Core/Inc/stm32g0xx_ll_dma.h:1224:22:LL_DMA_SetPeriphRequest	24	static
../Core/Src/main.c:148:16:BSP_GetHWBoardVersionName	8	static
../Core/Src/main.c:153:16:BSP_GetPDTypeName	8	static
../Core/Src/main.c:164:5:main	152	static,ignoring_inline_asm
../Core/Src/main.c:304:6:SystemClock_Config	144	static
../Core/Src/main.c:360:13:MX_ADC1_Init	24	static
../Core/Src/main.c:465:13:MX_I2C1_Init	8	static
../Core/Src/main.c:511:13:MX_TIM7_Init	24	static
../Core/Src/main.c:551:13:MX_UCPD2_Init	8	static
../Core/Src/main.c:615:13:MX_USART1_UART_Init	8	static
../Core/Src/main.c:663:13:MX_DMA_Init	16	static
../Core/Src/main.c:686:13:MX_GPIO_Init	48	static
../Core/Src/main.c:753:20:LED_Set	24	static
../Core/Src/main.c:761:17:LED_Highest_Cell_Voltage	32	static
../Core/Src/main.c:776:6:vLED_Blinky	40	static
../Core/Src/main.c:844:6:_putchar	16	static
../Core/Src/main.c:856:6:vApplicationStackOverflowHook	16	static,ignoring_inline_asm
../Core/Src/main.c:865:6:vApplicationMallocFailedHook	8	static,ignoring_inline_asm
../Core/Src/main.c:880:6:StartDefaultTask	16	static
../Core/Src/main.c:899:6:HAL_TIM_PeriodElapsedCallback	16	static
../Core/Src/main.c:918:6:Error_Handler	8	static
