../Core/Src/usbpd_dpm_core.c:82:21:USBPD_DPM_InitCore	16	static
../Core/Src/usbpd_dpm_core.c:182:21:USBPD_DPM_InitOS	40	static
../Core/Src/usbpd_dpm_core.c:218:6:USBPD_DPM_Run	8	static
../Core/Src/usbpd_dpm_core.c:259:6:USBPD_DPM_TimerCounter	8	static
../Core/Src/usbpd_dpm_core.c:284:13:USBPD_PE_TaskWakeUp	16	static
../Core/Src/usbpd_dpm_core.c:293:13:USBPD_DPM_CADTaskWakeUp	8	static
../Core/Src/usbpd_dpm_core.c:303:6:USBPD_PE_Task	48	static
../Core/Src/usbpd_dpm_core.c:321:6:USBPD_CAD_Task	32	static
../Core/Src/usbpd_dpm_core.c:335:6:USBPD_TRACE_TX_Task	16	static
../Core/Src/usbpd_dpm_core.c:353:6:USBPD_DPM_CADCallback	16	static
../Core/Src/usbpd_dpm_core.c:391:13:DPM_ManageAttachedState	24	static
