../Core/Src/minibot_motion.c:61:21:clampf	24	static
../Core/Src/minibot_motion.c:66:13:mb_tx	16	static
../Core/Src/minibot_motion.c:81:13:mb_profile_update	48	static
../Core/Src/minibot_motion.c:158:6:MB_StepISR	16	static
../Core/Src/minibot_motion.c:191:6:MB_UartRxByteISR	40	static
../Core/Src/minibot_motion.c:213:6:MB_UartErrorISR	24	static
../Core/Src/minibot_motion.c:229:16:mb_clamp_sps	16	static
../Core/Src/minibot_motion.c:236:13:mb_enable	16	static
../Core/Src/minibot_motion.c:249:13:mb_handle	24	static
../Core/Src/minibot_motion.c:296:6:MB_EmergencyStop	4	static
../Core/Src/minibot_motion.c:314:6:MB_Init	8	static
../Core/Src/minibot_motion.c:329:6:MB_Task	144	static,ignoring_inline_asm
../Core/Src/minibot_motion.c:377:10:MB_GetStepsLeft	4	static
../Core/Src/minibot_motion.c:378:10:MB_GetStepsRight	4	static
../Core/Src/minibot_motion.c:379:10:MB_GetFlags	4	static
