../Middlewares/ST/STM32_USBPD_Library/Devices/STM32G0XX/src/usbpd_phy.c:109:21:USBPD_PHY_Init	24	static
../Middlewares/ST/STM32_USBPD_Library/Devices/STM32G0XX/src/usbpd_phy.c:136:10:USBPD_PHY_GetRetryTimerValue	16	static
../Middlewares/ST/STM32_USBPD_Library/Devices/STM32G0XX/src/usbpd_phy.c:147:6:USBPD_PHY_Reset	16	static
../Middlewares/ST/STM32_USBPD_Library/Devices/STM32G0XX/src/usbpd_phy.c:160:21:USBPD_PHY_ResetRequest	16	static
../Middlewares/ST/STM32_USBPD_Library/Devices/STM32G0XX/src/usbpd_phy.c:174:21:USBPD_PHY_SendMessage	24	static
../Middlewares/ST/STM32_USBPD_Library/Devices/STM32G0XX/src/usbpd_phy.c:185:21:USBPD_PHY_Send_BIST_Pattern	16	static
../Middlewares/ST/STM32_USBPD_Library/Devices/STM32G0XX/src/usbpd_phy.c:198:21:USBPD_PHY_ExitTransmit	16	static
../Middlewares/ST/STM32_USBPD_Library/Devices/STM32G0XX/src/usbpd_phy.c:212:6:USBPD_PHY_SetResistor_SinkTxNG	16	static
../Middlewares/ST/STM32_USBPD_Library/Devices/STM32G0XX/src/usbpd_phy.c:222:6:USBPD_PHY_SetResistor_SinkTxOK	16	static
../Middlewares/ST/STM32_USBPD_Library/Devices/STM32G0XX/src/usbpd_phy.c:233:6:USBPD_PHY_SOPSupported	16	static
../Middlewares/ST/STM32_USBPD_Library/Devices/STM32G0XX/src/usbpd_phy.c:243:9:USBPD_PHY_IsResistor_SinkTxOk	16	static
../Middlewares/ST/STM32_USBPD_Library/Devices/STM32G0XX/src/usbpd_phy.c:253:6:USBPD_PHY_FastRoleSwapSignalling	16	static
../Middlewares/ST/STM32_USBPD_Library/Devices/STM32G0XX/src/usbpd_phy.c:263:6:USBPD_PHY_EnableRX	16	static
../Middlewares/ST/STM32_USBPD_Library/Devices/STM32G0XX/src/usbpd_phy.c:273:6:USBPD_PHY_DisableRX	16	static
../Middlewares/ST/STM32_USBPD_Library/Devices/STM32G0XX/src/usbpd_phy.c:294:6:PHY_ResetCompleted	16	static
../Middlewares/ST/STM32_USBPD_Library/Devices/STM32G0XX/src/usbpd_phy.c:312:6:PHY_BistCompleted	16	static
../Middlewares/ST/STM32_USBPD_Library/Devices/STM32G0XX/src/usbpd_phy.c:325:6:PHY_TxCompleted	16	static
../Middlewares/ST/STM32_USBPD_Library/Devices/STM32G0XX/src/usbpd_phy.c:338:29:PHY_Rx_Reset	16	static
../Middlewares/ST/STM32_USBPD_Library/Devices/STM32G0XX/src/usbpd_phy.c:349:6:PHY_Rx_HardReset	16	static
../Middlewares/ST/STM32_USBPD_Library/Devices/STM32G0XX/src/usbpd_phy.c:365:6:PHY_Rx_Completed	32	static
