../Core/Inc/stm32g0xx_ll_bus.h:222:22:LL_AHB1_GRP1_EnableClock	24	static
../Core/Inc/stm32g0xx_ll_bus.h:788:22:LL_APB2_GRP1_EnableClock	24	static
../Drivers/STM32G0xx_HAL_Driver/Inc/stm32g0xx_ll_ucpd.h:341:22:LL_UCPD_Enable	16	static
../Drivers/STM32G0xx_HAL_Driver/Inc/stm32g0xx_ll_ucpd.h:353:22:LL_UCPD_Disable	16	static
../Drivers/STM32G0xx_HAL_Driver/Inc/stm32g0xx_ll_ucpd.h:534:22:LL_UCPD_TypeCDetectionCC2Enable	16	static
../Drivers/STM32G0xx_HAL_Driver/Inc/stm32g0xx_ll_ucpd.h:545:22:LL_UCPD_TypeCDetectionCC2Disable	16	static
../Drivers/STM32G0xx_HAL_Driver/Inc/stm32g0xx_ll_ucpd.h:556:22:LL_UCPD_TypeCDetectionCC1Enable	16	static
../Drivers/STM32G0xx_HAL_Driver/Inc/stm32g0xx_ll_ucpd.h:567:22:LL_UCPD_TypeCDetectionCC1Disable	16	static
../Drivers/STM32G0xx_HAL_Driver/Inc/stm32g0xx_ll_ucpd.h:600:22:LL_UCPD_SignalFRSTX	16	static
../Drivers/STM32G0xx_HAL_Driver/Inc/stm32g0xx_ll_ucpd.h:638:22:LL_UCPD_SetccEnable	16	static
../Drivers/STM32G0xx_HAL_Driver/Inc/stm32g0xx_ll_ucpd.h:649:22:LL_UCPD_SetSNKRole	16	static
../Drivers/STM32G0xx_HAL_Driver/Inc/stm32g0xx_ll_ucpd.h:660:22:LL_UCPD_SetSRCRole	16	static
../Drivers/STM32G0xx_HAL_Driver/Inc/stm32g0xx_ll_ucpd.h:689:22:LL_UCPD_SetRpResistor	16	static
../Drivers/STM32G0xx_HAL_Driver/Inc/stm32g0xx_ll_ucpd.h:703:22:LL_UCPD_SetCCPin	16	static
../Drivers/STM32G0xx_HAL_Driver/Inc/stm32g0xx_ll_ucpd.h:714:22:LL_UCPD_RxEnable	16	static
../Drivers/STM32G0xx_HAL_Driver/Inc/stm32g0xx_ll_ucpd.h:725:22:LL_UCPD_RxDisable	16	static
../Drivers/STM32G0xx_HAL_Driver/Inc/stm32g0xx_ll_ucpd.h:739:22:LL_UCPD_SetRxMode	16	static
../Drivers/STM32G0xx_HAL_Driver/Inc/stm32g0xx_ll_ucpd.h:750:22:LL_UCPD_SendHardReset	16	static
../Drivers/STM32G0xx_HAL_Driver/Inc/stm32g0xx_ll_ucpd.h:761:22:LL_UCPD_SendMessage	16	static
../Drivers/STM32G0xx_HAL_Driver/Inc/stm32g0xx_ll_ucpd.h:776:22:LL_UCPD_SetTxMode	16	static
../Drivers/STM32G0xx_HAL_Driver/Inc/stm32g0xx_ll_ucpd.h:1644:22:LL_UCPD_RxDMAEnable	16	static
../Drivers/STM32G0xx_HAL_Driver/Inc/stm32g0xx_ll_ucpd.h:1655:22:LL_UCPD_RxDMADisable	16	static
../Drivers/STM32G0xx_HAL_Driver/Inc/stm32g0xx_ll_ucpd.h:1666:22:LL_UCPD_TxDMAEnable	16	static
../Drivers/STM32G0xx_HAL_Driver/Inc/stm32g0xx_ll_ucpd.h:1677:22:LL_UCPD_TxDMADisable	16	static
../Drivers/STM32G0xx_HAL_Driver/Inc/stm32g0xx_ll_ucpd.h:1726:22:LL_UCPD_WriteTxOrderSet	16	static
../Drivers/STM32G0xx_HAL_Driver/Inc/stm32g0xx_ll_ucpd.h:1738:22:LL_UCPD_WriteTxPaySize	16	static
../Middlewares/ST/STM32_USBPD_Library/Devices/STM32G0XX/src/usbpd_phy_hw_if.c:38:6:USBPD_HW_IF_GlobalHwInit	8	static
../Middlewares/ST/STM32_USBPD_Library/Devices/STM32G0XX/src/usbpd_phy_hw_if.c:54:6:USBPD_HW_IF_StopBISTMode2	24	static
../Middlewares/ST/STM32_USBPD_Library/Devices/STM32G0XX/src/usbpd_phy_hw_if.c:64:21:USBPD_HW_IF_SendBuffer	40	static
../Middlewares/ST/STM32_USBPD_Library/Devices/STM32G0XX/src/usbpd_phy_hw_if.c:122:6:USBPD_HW_IF_Send_BIST_Pattern	16	static
../Middlewares/ST/STM32_USBPD_Library/Devices/STM32G0XX/src/usbpd_phy_hw_if.c:128:6:USBPDM1_AssertRp	16	static
../Middlewares/ST/STM32_USBPD_Library/Devices/STM32G0XX/src/usbpd_phy_hw_if.c:151:6:USBPDM1_DeAssertRp	16	static
../Middlewares/ST/STM32_USBPD_Library/Devices/STM32G0XX/src/usbpd_phy_hw_if.c:157:6:USBPDM1_AssertRd	16	static
../Middlewares/ST/STM32_USBPD_Library/Devices/STM32G0XX/src/usbpd_phy_hw_if.c:175:6:USBPDM1_EnterErrorRecovery	16	static
../Middlewares/ST/STM32_USBPD_Library/Devices/STM32G0XX/src/usbpd_phy_hw_if.c:183:6:USBPDM1_DeAssertRd	16	static
../Middlewares/ST/STM32_USBPD_Library/Devices/STM32G0XX/src/usbpd_phy_hw_if.c:189:6:USBPDM1_Set_CC	16	static
../Middlewares/ST/STM32_USBPD_Library/Devices/STM32G0XX/src/usbpd_phy_hw_if.c:196:6:USBPDM1_RX_EnableInterrupt	16	static
../Middlewares/ST/STM32_USBPD_Library/Devices/STM32G0XX/src/usbpd_phy_hw_if.c:204:6:USBPD_HW_IF_EnableRX	16	static
../Middlewares/ST/STM32_USBPD_Library/Devices/STM32G0XX/src/usbpd_phy_hw_if.c:210:6:USBPD_HW_IF_DisableRX	16	static
../Middlewares/ST/STM32_USBPD_Library/Devices/STM32G0XX/src/usbpd_phy_hw_if.c:215:6:HW_SignalAttachement	32	static
../Middlewares/ST/STM32_USBPD_Library/Devices/STM32G0XX/src/usbpd_phy_hw_if.c:281:6:HW_SignalDetachment	16	static
../Middlewares/ST/STM32_USBPD_Library/Devices/STM32G0XX/src/usbpd_phy_hw_if.c:300:6:USBPD_HW_IF_SetResistor_SinkTxNG	16	static
../Middlewares/ST/STM32_USBPD_Library/Devices/STM32G0XX/src/usbpd_phy_hw_if.c:306:6:USBPD_HW_IF_SetResistor_SinkTxOK	16	static
../Middlewares/ST/STM32_USBPD_Library/Devices/STM32G0XX/src/usbpd_phy_hw_if.c:312:9:USBPD_HW_IF_IsResistor_SinkTxOk	16	static
../Middlewares/ST/STM32_USBPD_Library/Devices/STM32G0XX/src/usbpd_phy_hw_if.c:335:6:USBPD_HW_IF_FastRoleSwapSignalling	16	static
