../Drivers/CMSIS/Include/core_cm0plus.h:745:22:NVIC_EnableIRQ	16	static
../Drivers/CMSIS/Include/core_cm0plus.h:804:22:NVIC_SetPriority	24	static
../Drivers/STM32G0xx_HAL_Driver/Inc/stm32g0xx_ll_ucpd.h:341:22:LL_UCPD_Enable	16	static
../Drivers/STM32G0xx_HAL_Driver/Inc/stm32g0xx_ll_ucpd.h:385:22:LL_UCPD_SetRxOrderSet	16	static
../Drivers/STM32G0xx_HAL_Driver/Inc/stm32g0xx_ll_ucpd.h:638:22:LL_UCPD_SetccEnable	16	static
../Drivers/STM32G0xx_HAL_Driver/Inc/stm32g0xx_ll_ucpd.h:806:22:LL_UCPD_EnableIT_TypeCEventCC2	16	static
../Drivers/STM32G0xx_HAL_Driver/Inc/stm32g0xx_ll_ucpd.h:817:22:LL_UCPD_EnableIT_TypeCEventCC1	16	static
../Middlewares/ST/STM32_USBPD_Library/Devices/STM32G0XX/src/usbpd_cad_hw_if.c:152:6:CAD_Init	64	static
../Middlewares/ST/STM32_USBPD_Library/Devices/STM32G0XX/src/usbpd_cad_hw_if.c:212:6:CAD_Enter_ErrorRecovery	16	static
../Middlewares/ST/STM32_USBPD_Library/Devices/STM32G0XX/src/usbpd_cad_hw_if.c:227:10:CAD_Set_ResistorRp	16	static
../Middlewares/ST/STM32_USBPD_Library/Devices/STM32G0XX/src/usbpd_cad_hw_if.c:247:10:CAD_StateMachine	40	static
../Middlewares/ST/STM32_USBPD_Library/Devices/STM32G0XX/src/usbpd_cad_hw_if.c:453:9:CAD_Check_VBus	16	static
../Middlewares/ST/STM32_USBPD_Library/Devices/STM32G0XX/src/usbpd_cad_hw_if.c:464:16:CAD_Check_HW	32	static
../Middlewares/ST/STM32_USBPD_Library/Devices/STM32G0XX/src/usbpd_cad_hw_if.c:573:17:ManageStateDetached	24	static
../Middlewares/ST/STM32_USBPD_Library/Devices/STM32G0XX/src/usbpd_cad_hw_if.c:645:17:ManageStateAttachedWait	40	static
../Middlewares/ST/STM32_USBPD_Library/Devices/STM32G0XX/src/usbpd_cad_hw_if.c:789:17:ManageStateEMC	32	static
../Middlewares/ST/STM32_USBPD_Library/Devices/STM32G0XX/src/usbpd_cad_hw_if.c:828:17:ManageStateAttached	32	static
